[services] MySQL already running
[services] starting Node.js ID service ...
[services] ID service is up (log: /var/log/id_service.log)
[services] all services ready

==============================================================
 codeface run
   project conf : conf/flask-smoke.conf
   results dir  : /work/res
   git dir      : /work/git-repos
   jobs         : 2
   extra args   : --recreate
==============================================================

/codeface/codeface/configuration.py:88: YAMLLoadWarning: calling yaml.load() without Loader=... is deprecated, as the default Loader is unsafe. Please read https://msg.pyyaml.org/load for full details.
  return yaml.load(open(filename))
2026-08-11 11:14:36 [codeface.project] MainProcess INFO: => Setting up project 'flask_smoke'
2026-08-11 11:14:36 [codeface.dbmanager] MainProcess WARNING: Deleting and re-creating project flask_smoke/proximity.
2026-08-11 11:14:36 [codeface.dbmanager] MainProcess INFO: Adding 2 new releases...
2026-08-11 11:14:36 [codeface.util] Process-1 INFO:   -> Revision range 1/1 (3.0.0..3.1.0): Analysing commits...
Blame Analysis:   0% |                                         | ETA:  --:--:--Blame Analysis:  45% |###################                       | ETA:  0:00:08Blame Analysis:  90% |######################################    | ETA:  0:00:01Blame Analysis: 100% |##########################################| Time: 0:00:16
Pass 1/2:   0% |                                               | ETA:  --:--:--Pass 1/2:  16% |#######                                         | ETA:  0:00:04Pass 1/2:  32% |###############                                 | ETA:  0:00:03Pass 1/2:  48% |#######################                         | ETA:  0:00:02Pass 1/2:  65% |###############################                 | ETA:  0:00:01Pass 1/2:  81% |#######################################         | ETA:  0:00:00Pass 1/2:  97% |##############################################  | ETA:  0:00:00Pass 1/2: 100% |################################################| Time: 0:00:05
2026-08-11 11:15:00 [codeface.util] Process-1 INFO:   -> Revision range 1/1 (3.0.0..3.1.0): Commit analysis done.
2026-08-11 11:15:00 [codeface.util] Process-2 INFO:   -> Revision range 1/1 (3.0.0..3.1.0): Detecting clusters...
NULL
2026-08-11 11:15:05 [codeface.util] Process-2 INFO:   -> Revision range 1/1 (3.0.0..3.1.0): Detecting clusters done.
2026-08-11 11:15:05 [codeface.util] Process-1 INFO:   -> Revision range 1/1 (3.0.0..3.1.0): Generating reports...
2026-08-11 11:15:05 [codeface.util] Process-1 INFO:   -> Generating Reports...
2026-08-11 11:15:07 [codeface.util] Process-1 INFO:   -> Revision range 1/1 (3.0.0..3.1.0): Report generation done.
2026-08-11 11:15:07 [codeface.project] MainProcess INFO: => Preparing time series data
2026-08-11 11:15:08 [codeface.project] MainProcess INFO: => Performing complexity analysis
2026-08-11 11:15:08 [codeface.project] MainProcess INFO:   -> Analysing range 1
2026-08-11 11:15:09 [codeface.R.complexity] INFO: Using 2 jobs

2026-08-11 11:15:09 [codeface.R.complexity] INFO: Analysing 41 code samples

2026-08-11 11:15:20 [codeface.project] MainProcess INFO: => Analysing time series
2026-08-11 11:15:25 [codeface.R.ts_ulits] WARNING: Less than 3 revisions provided by configuration file, skipping analysis
2026-08-11 11:15:26 [codeface.project] MainProcess INFO: => Codeface run complete!
